// Jest Snapshot v1, https://goo.gl/fbAQLP

exports[`Anchor should render with default styles 1`] = `
.emotion-0 {
  color: #1760CE;
  -webkit-transition: color 0.1s ease-in-out;
  transition: color 0.1s ease-in-out;
}

.emotion-0:visited {
  color: #8928A2;
}

.emotion-0:hover,
.emotion-0:focus {
  -webkit-text-decoration: underline;
  text-decoration: underline;
  color: #3388FF;
}

.emotion-0:active {
  -webkit-text-decoration: underline;
  text-decoration: underline;
  color: #003C8B;
}

<a
  class="emotion-0"
  href="https://sumup.com"
>
  Visit SumUp's website
</a>
`;
